[www.emanuelepapale.com/index.html]
[www.emanuelepapale.com/wp-content/cache/minify/ed721.css]
[backblue.gif]
[fade.gif]
[index.html]
[www.emanuelepapale.com/wp-content/cache/minify/df983.js]
[www.emanuelepapale.com/feed/index.html]
[www.emanuelepapale.com/wp-content/cache/minify/9f19a.js]
[www.emanuelepapale.com/comments/feed/index.html]
[www.emanuelepapale.com/wp-content/cache/minify/9a9fc.js]
[www.emanuelepapale.com/xmlrpc0db0.php]
[www.emanuelepapale.com/wp-json/index.html]
[www.emanuelepapale.com/wp-includes/wlwmanifest.xml]
[www.emanuelepapale.com/wp-json/oembed/1.0/embedc85f.json]
[www.emanuelepapale.com/wp-json/oembed/1.0/embed516d]
[www.emanuelepapale.com/wp-content/uploads/2017/12/emanuele-papale-favicon.png]
[www.google-analytics.com/analytics.js]
[www.emanuelepapale.com/wp-content/uploads/2017/12/hero-bgcf23.jpg]
[www.emanuelepapale.com/wp-content/uploads/2017/04/logo-black-blu.png]
[www.emanuelepapale.com/wp-content/uploads/2017/12/happy-skull.png]
[www.emanuelepapale.com/wp-content/cache/minify/5e084.js]
[www.emanuelepapale.com/who-am-i/index.html]
[www.emanuelepapale.com/wp-content/cache/minify/bab44.js]
[www.emanuelepapale.com/projects/index.html]
[www.emanuelepapale.com/index.html]
[www.emanuelepapale.com/contact-me/index.html]
[www.emanuelepapale.com/projects/spotzer-website-redesign/index.html]
[www.emanuelepapale.com/projects/kill-your-idols-use-your-brain/index.html]
[www.emanuelepapale.com/wp-content/plugins/contact-form-7/images/ajax-loader.gif]
[www.emanuelepapale.com/projects/the-logotypes-collection/index.html]
[www.emanuelepapale.com/projects/random-artworks-1/index.html]
[www.emanuelepapale.com/wp-content/themes/dt-the7-child/fonts/Againts.ttf]
[www.emanuelepapale.com/wp-content/themes/dt-the7-child/fonts/Againts.svg]
[www.emanuelepapale.com/wp-content/plugins/js_composer/assets/vc/alert.png]
[www.emanuelepapale.com/wp-content/plugins/js_composer/assets/vc/info.png]
[www.emanuelepapale.com/wp-content/plugins/js_composer/assets/vc/tick.png]
[www.emanuelepapale.com/wp-content/plugins/js_composer/assets/vc/exclamation.png]
[www.emanuelepapale.com/wp-content/plugins/js_composer/assets/images/icons/address-book.png]
[www.emanuelepapale.com/wp-content/plugins/js_composer/assets/images/icons/alarm-clock.png]
[www.emanuelepapale.com/wp-content/plugins/js_composer/assets/images/icons/anchor.png]
[www.emanuelepapale.com/wp-content/plugins/js_composer/assets/images/icons/application-image.png]
[www.emanuelepapale.com/wp-content/plugins/js_composer/assets/images/icons/arrow.png]
[www.emanuelepapale.com/wp-content/plugins/js_composer/assets/images/icons/asterisk.png]
[www.emanuelepapale.com/wp-content/plugins/js_composer/assets/images/icons/auction-hammer.png]
[www.emanuelepapale.com/wp-content/plugins/js_composer/assets/images/icons/balloon.png]
[www.emanuelepapale.com/wp-content/plugins/js_composer/assets/images/icons/balloon-buzz.png]
[www.emanuelepapale.com/wp-content/plugins/js_composer/assets/images/icons/balloon-facebook.png]
[www.emanuelepapale.com/wp-content/plugins/js_composer/assets/images/icons/balloon-twitter.png]
[www.emanuelepapale.com/wp-content/plugins/js_composer/assets/images/icons/battery-full.png]
[www.emanuelepapale.com/wp-content/plugins/js_composer/assets/images/icons/binocular.png]
[www.emanuelepapale.com/wp-content/plugins/js_composer/assets/images/icons/blue-document-excel.png]
[www.emanuelepapale.com/wp-content/plugins/js_composer/assets/images/icons/blue-document-image.png]
[www.emanuelepapale.com/wp-content/plugins/js_composer/assets/images/icons/blue-document-music.png]
[www.emanuelepapale.com/wp-content/plugins/js_composer/assets/images/icons/blue-document-office.png]
[www.emanuelepapale.com/wp-content/plugins/js_composer/assets/images/icons/blue-document-pdf.png]
[www.emanuelepapale.com/wp-content/plugins/js_composer/assets/images/icons/blue-document-powerpoint.png]
[www.emanuelepapale.com/wp-content/plugins/js_composer/assets/images/icons/blue-document-word.png]
[www.emanuelepapale.com/wp-content/plugins/js_composer/assets/images/icons/bookmark.png]
[www.emanuelepapale.com/wp-content/plugins/js_composer/assets/images/icons/camera.png]
[www.emanuelepapale.com/wp-content/plugins/js_composer/assets/images/icons/chart.png]
[www.emanuelepapale.com/wp-content/plugins/js_composer/assets/images/icons/chart-pie.png]
[www.emanuelepapale.com/wp-content/plugins/js_composer/assets/images/icons/clock.png]
[www.emanuelepapale.com/wp-content/themes/dt-the7-child/fonts/Againts.woff]
[www.emanuelepapale.com/wp-content/plugins/js_composer/assets/images/icons/fire.png]
[www.emanuelepapale.com/wp-content/plugins/js_composer/assets/images/icons/heart.png]
[www.emanuelepapale.com/wp-content/plugins/js_composer/assets/images/icons/mail.png]
[www.emanuelepapale.com/wp-content/plugins/js_composer/assets/images/icons/plus-shield.png]
[www.emanuelepapale.com/wp-content/plugins/js_composer/assets/images/icons/video.png]
[www.emanuelepapale.com/wp-content/plugins/js_composer/assets/images/toggle_open.png]
[www.emanuelepapale.com/wp-content/plugins/js_composer/assets/images/toggle_close.png]
[www.emanuelepapale.com/wp-content/plugins/js_composer/assets/images/flickr.png]
[www.emanuelepapale.com/wp-content/plugins/js_composer/assets/images/spinner.gif]
[www.emanuelepapale.com/wp-content/themes/dt-the7-child/fonts/againts.otf]
[www.emanuelepapale.com/wp-content/plugins/js_composer/assets/vc/remove.png]
[www.emanuelepapale.com/wp-content/themes/dt-the7/images/default-skin.png]
[www.emanuelepapale.com/wp-content/themes/dt-the7/css/fonts/icomoon-arrows-the7-32x32718c.eot]
[www.emanuelepapale.com/wp-content/themes/dt-the7/css/fonts/icomoon-arrows-the7-32x32718c.ttf]
[www.emanuelepapale.com/wp-content/themes/dt-the7/css/fonts/icomoon-arrows-the7-32x32718c.woff]
[www.emanuelepapale.com/wp-content/themes/dt-the7/css/fonts/icomoon-arrows-the7-32x32718c.svg]
[www.emanuelepapale.com/wp-content/themes/dt-the7/fonts/icomoon-the7-social/fonts/icomoon-the7-social-icons-16x16da0c.eot]
[www.emanuelepapale.com/wp-content/themes/dt-the7/fonts/icomoon-the7-social-icons-16x16da0c.eot]
[www.emanuelepapale.com/wp-content/themes/dt-the7/fonts/icomoon-the7-social/fonts/icomoon-the7-social-icons-16x16da0c.ttf]
[www.emanuelepapale.com/wp-content/themes/dt-the7/fonts/icomoon-the7-social/fonts/icomoon-the7-social-icons-16x16da0c.woff]
[www.emanuelepapale.com/wp-content/themes/dt-the7/fonts/icomoon-the7-social/fonts/icomoon-the7-social-icons-16x16da0c.svg]
[www.emanuelepapale.com/wp-content/themes/dt-the7/fonts/FontAwesome/fonts/fontawesome-webfont3e6e.eot]
[www.emanuelepapale.com/wp-content/themes/dt-the7/fonts/FontAwesome/fonts/fontawesome-webfont3e6e.woff2]
[www.emanuelepapale.com/wp-content/themes/dt-the7/fonts/FontAwesome/fonts/fontawesome-webfontd41d.eot]
[www.emanuelepapale.com/wp-content/themes/dt-the7/fonts/FontAwesome/fonts/fontawesome-webfont3e6e.woff]
[www.emanuelepapale.com/wp-content/themes/dt-the7/fonts/FontAwesome/fonts/fontawesome-webfont3e6e.svg]
[www.emanuelepapale.com/wp-content/themes/dt-the7/fonts/FontAwesome/fonts/fontawesome-webfont3e6e.ttf]
[www.emanuelepapale.com/wp-content/themes/dt-the7/fonts/fontello/font/fontello6fbf.svg]
[www.emanuelepapale.com/wp-content/themes/dt-the7/fonts/icomoon-arrows-the7/fonts/icomoon-arrows-carousel-32x323159.eot]
[www.emanuelepapale.com/wp-content/themes/dt-the7/fonts/fontello/font/fontello6fbf.eot]
[www.emanuelepapale.com/wp-content/themes/dt-the7/fonts/fontello/font/fontello6fbf.woff]
[www.emanuelepapale.com/wp-content/themes/dt-the7/fonts/icomoon-arrows-the7/fonts/icomoon-arrows-carousel-32x323159.ttf]
[www.emanuelepapale.com/wp-content/themes/dt-the7/fonts/fontello/font/fontello6fbf.ttf]
[www.emanuelepapale.com/wp-content/themes/dt-the7/fonts/icomoon-arrows-the7/fonts/icomoon-arrows-carousel-32x323159.woff]
[www.emanuelepapale.com/wp-content/themes/dt-the7/fonts/icomoon-arrows-the7/fonts/icomoon-arrows-carousel-32x323159.svg]
[www.emanuelepapale.com/wp-content/themes/dt-the7/inc/presets/images/full/skin22.stripes-stripe-3-bg-image.jpg]
[www.emanuelepapale.com/wp-content/uploads/2017/12/title-underline.png]
[www.emanuelepapale.com/wp-content/uploads/2017/12/intro-e-lettering.gif]
[www.emanuelepapale.com/wp-content/uploads/2017/12/project1-spotzer.jpg]
[www.emanuelepapale.com/wp-content/uploads/2017/12/project2-kill-your-Idols.jpg]
[www.emanuelepapale.com/wp-content/uploads/2017/12/project3-logofolio.jpg]
[www.emanuelepapale.com/wp-content/uploads/2017/12/project4-random-artworks.jpg]
[www.emanuelepapale.com/wp-content/uploads/2017/12/project5-bolgheri.jpg]
[www.emanuelepapale.com/wp-content/uploads/2017/12/project6-elianto.jpg]
[www.emanuelepapale.com/wp-content/uploads/2017/12/project7-limo-services.jpg]
[www.emanuelepapale.com/wp-content/uploads/2017/12/project8-fotolia10-contest.jpg]
[www.emanuelepapale.com/wp-content/uploads/2017/12/project9-ISD.jpg]
[www.emanuelepapale.com/wp-content/uploads/2017/12/cta-bg.jpg]
[www.emanuelepapale.com/wp-content/uploads/2017/12/spotzer-portfolio-img-bg.jpg]
[www.emanuelepapale.com/wp-content/uploads/2017/12/row-intro-bg.jpg]
[www.emanuelepapale.com/wp-content/uploads/2017/12/logofolio-first-row-bg.jpg]
[www.emanuelepapale.com/wp-content/uploads/2017/12/bolgheri-first-row-bg.jpg]
[www.emanuelepapale.com/wp-content/uploads/2017/12/elianto-first-row-bg.jpg]
[www.emanuelepapale.com/wp-content/uploads/2017/12/isd-first-row-bg.jpg]
[www.emanuelepapale.com/wp-content/uploads/2017/12/limo-services-first-row-bg.jpg]
[www.emanuelepapale.com/wp-content/themes/dt-the7-child/index.html]
[www.emanuelepapale.com/wp-content/uploads/smile_fonts/Defaults/Defaults21ea.eot]
[www.emanuelepapale.com/wp-content/uploads/smile_fonts/Defaults/Defaultsd41d.eot]
[www.emanuelepapale.com/wp-content/uploads/smile_fonts/Defaults/Defaults21ea.woff]
[www.emanuelepapale.com/wp-content/uploads/smile_fonts/Defaults/Defaults21ea.ttf]
[www.emanuelepapale.com/wp-content/plugins/Ultimate_VC_Addons/assets/min-css/fonts/ult-silk.eot]
[www.emanuelepapale.com/wp-content/plugins/Ultimate_VC_Addons/assets/min-css/fonts/ult-silk.woff]
[www.emanuelepapale.com/wp-content/plugins/Ultimate_VC_Addons/assets/min-css/fonts/ult-silk.ttf]
[www.emanuelepapale.com/wp-content/plugins/Ultimate_VC_Addons/assets/min-css/fonts/ult-silk.svg]
[www.emanuelepapale.com/wp-content/uploads/smile_fonts/Defaults/Defaults21ea.svg]
[www.emanuelepapale.com/wp-content/plugins/Ultimate_VC_Addons/assets/img/cross.png]
[www.emanuelepapale.com/wp-content/plugins/Ultimate_VC_Addons/assets/min-css/ajax-loader.gif]
[www.emanuelepapale.com/wp-content/plugins/Ultimate_VC_Addons/assets/min-css/fonts/slick.eot]
[www.emanuelepapale.com/wp-content/plugins/Ultimate_VC_Addons/assets/min-css/fonts/slickd41d.eot]
[www.emanuelepapale.com/wp-content/plugins/Ultimate_VC_Addons/assets/min-css/fonts/slick.woff]
[www.emanuelepapale.com/wp-content/plugins/Ultimate_VC_Addons/assets/min-css/fonts/slick.ttf]
[www.emanuelepapale.com/wp-content/plugins/Ultimate_VC_Addons/assets/min-css/fonts/slick.svg]
[www.emanuelepapale.com/wp-content/plugins/Ultimate_VC_Addons/assets/images/fabric.png]
[www.emanuelepapale.com/wp-content/plugins/Ultimate_VC_Addons/assets/images/cover.jpg]
[www.emanuelepapale.com/wp-content/plugins/Ultimate_VC_Addons/assets/img/ov-plus.png]
[www.emanuelepapale.com/wp-content/cache/minify/ed721.css]
[www.emanuelepapale.com/xmlrpc.php]
[www.emanuelepapale.com/wp-content/cache/minify/df983.js]
[www.emanuelepapale.com/wp-content/cache/minify/9f19a.js]
[www.emanuelepapale.com/wp-content/cache/minify/9a9fc.js]
[www.emanuelepapale.com/vimeo.com/index.html]
[www.emanuelepapale.com/wp-content/cache/minify/6ffa8.css]
[www.emanuelepapale.com/wp-content/cache/minify/85615.js]
[www.emanuelepapale.com/wp-json/oembed/1.0/embed3c3c.json]
[www.emanuelepapale.com/wp-json/oembed/1.0/embed1331]
[www.emanuelepapale.com/wp-content/uploads/2017/12/CV-Emanuele-Papale.jpg]
[www.emanuelepapale.com/wp-content/uploads/2017/12/my-fucking-picture.jpg]
[www.emanuelepapale.com/wp-content/cache/minify/819b0.js]
[www.emanuelepapale.com/who-am-i/index.html]
[www.emanuelepapale.com/who-am-i/my-fucking-picture/index.html]
[www.emanuelepapale.com/wp-json/oembed/1.0/embede33d.json]
[www.emanuelepapale.com/projects/index.html]
[www.emanuelepapale.com/wp-json/oembed/1.0/embed0c91]
[www.emanuelepapale.com/projects/bolgheri-eyeswear/index.html]
[www.emanuelepapale.com/wp-json/oembed/1.0/embedd576.json]
[www.emanuelepapale.com/projects/elianto-free-font/index.html]
[www.emanuelepapale.com/projects/limo-services-italy/index.html]
[www.emanuelepapale.com/wp-json/oembed/1.0/embed2e4c]
[www.emanuelepapale.com/projects/fotolia-10-contest/index.html]
[www.emanuelepapale.com/projects/italy-shore-drivers/index.html]
[www.emanuelepapale.com/cdn-cgi/l/email-protection.html]
[www.emanuelepapale.com/cdn-cgi/scripts/f2bf09f8/cloudflare-static/email-decode.min.js]
[www.google.com/recaptcha/apiae20.js]
[www.emanuelepapale.com/contact-me/index.html]
[www.emanuelepapale.com/wp-json/oembed/1.0/embed165c.json]
[www.emanuelepapale.com/wp-json/oembed/1.0/embed4cc0]
[www.emanuelepapale.com/wp-content/uploads/2017/12/spotzer-portfolio-logo.png]
[www.emanuelepapale.com/wp-content/uploads/2017/12/spotzer-portfolio-img-1.png]
[www.emanuelepapale.com/wp-content/uploads/2017/12/spotzer-portfolio-img-2.png]
[www.emanuelepapale.com/wp-content/uploads/2017/12/spotzer-portfolio-img-3.png]
[www.emanuelepapale.com/projects/spotzer-website-redesign/spotzer-portfolio-logo/index.html]
[www.emanuelepapale.com/projects/spotzer-website-redesign/index.html]
[www.emanuelepapale.com/projects/spotzer-website-redesign/spotzer-portfolio-img-1/index.html]
[www.emanuelepapale.com/projects/spotzer-website-redesign/spotzer-portfolio-img-2/index.html]
[www.emanuelepapale.com/projects/spotzer-website-redesign/spotzer-portfolio-img-3/index.html]
[www.emanuelepapale.com/projects/spotzer-website-redesign/spotzer-portfolio-img-5/index.html]
[www.emanuelepapale.com/wp-json/oembed/1.0/embed11b7.json]
[www.emanuelepapale.com/projects/spotzer-website-redesign/spotzer-portfolio-img-4/index.html]
[www.emanuelepapale.com/wp-json/oembed/1.0/embed1602]
[www.emanuelepapale.com/wp-content/uploads/2017/12/kill-your-idols-logo.png]
[www.emanuelepapale.com/wp-content/uploads/2017/12/kill-yuor-idols-img-1.jpg]
[www.emanuelepapale.com/projects/kill-your-idols-use-your-brain/index.html]
[www.emanuelepapale.com/kill-your-idols-logo/index.html]
[www.emanuelepapale.com/wp-json/oembed/1.0/embedede7.json]
[www.emanuelepapale.com/kill-yuor-idols-img-1/index.html]
[www.emanuelepapale.com/projects/kill-your-idols-use-your-brain/kill-yuor-idols-img-2/index.html]
[www.emanuelepapale.com/projects/kill-your-idols-use-your-brain/kill-yuor-idols-img-3/index.html]
[www.emanuelepapale.com/kill-yuor-idols-img-4/index.html]
[www.emanuelepapale.com/wp-json/oembed/1.0/embed499b]
[www.emanuelepapale.com/projects/the-logotypes-collection/index.html]
[www.emanuelepapale.com/kill-yuor-idols-img-5/index.html]
[www.emanuelepapale.com/projects/kill-your-idols-use-your-brain/kill-yuor-idols-img-6/index.html]
[www.emanuelepapale.com/logofolio-img-2/index.html]
[www.emanuelepapale.com/wp-json/oembed/1.0/embed45e5.json]
[www.emanuelepapale.com/logofolio-img-1/index.html]
[www.emanuelepapale.com/logofolio-img-3/index.html]
[www.emanuelepapale.com/logofolio-img-4/index.html]
[www.emanuelepapale.com/wp-json/oembed/1.0/embed9c1d]
[www.emanuelepapale.com/logofolio-img-5/index.html]
[www.emanuelepapale.com/logofolio-img-6/index.html]
[www.emanuelepapale.com/wp-content/uploads/2017/12/artworks-row-img-11.jpg]
[www.emanuelepapale.com/logofolio-img-7/index.html]
[www.emanuelepapale.com/logofolio-img-8/index.html]
[www.emanuelepapale.com/logofolio-img-9/index.html]
[www.emanuelepapale.com/wp-content/uploads/2017/12/artworks-row-img-3.jpg]
[www.emanuelepapale.com/logofolio-img-10/index.html]
[www.emanuelepapale.com/logofolio-img-11/index.html]
[www.emanuelepapale.com/wp-content/uploads/2017/12/artworks-row-img-2.jpg]
[www.emanuelepapale.com/logofolio-img-12/index.html]
[www.emanuelepapale.com/logofolio-img-13/index.html]
[www.emanuelepapale.com/wp-content/uploads/2017/12/artworks-row-img-1.jpg]
[www.emanuelepapale.com/wp-content/uploads/2017/12/artworks-row-img-4.jpg]
[www.emanuelepapale.com/projects/random-artworks-1/artworks-row-img-11/index.html]
[www.emanuelepapale.com/wp-content/uploads/2017/12/artworks-row-img-10.jpg]
[www.emanuelepapale.com/projects/random-artworks-1/artworks-row-img-3/index.html]
[www.emanuelepapale.com/wp-content/uploads/2017/12/artworks-row-img-8.jpg]
[www.emanuelepapale.com/projects/random-artworks-1/artworks-row-img-2/index.html]
[www.emanuelepapale.com/wp-content/uploads/2017/12/artworks-row-img-14.jpg]
[www.emanuelepapale.com/projects/random-artworks-1/artworks-row-img-1/index.html]
[www.emanuelepapale.com/wp-content/uploads/2017/12/artworks-row-img-12.jpg]
[www.emanuelepapale.com/projects/random-artworks-1/artworks-row-img-4/index.html]
[www.emanuelepapale.com/wp-content/uploads/2017/12/artworks-row-img-9.jpg]
[www.emanuelepapale.com/projects/random-artworks-1/artworks-row-img-10/index.html]
[www.emanuelepapale.com/wp-content/uploads/2017/12/artworks-row-img-7.jpg]
[www.emanuelepapale.com/projects/random-artworks-1/artworks-row-img-8/index.html]
[www.emanuelepapale.com/wp-content/uploads/2017/12/artworks-row-img-6.jpg]
[www.emanuelepapale.com/projects/random-artworks-1/artworks-row-img-14/index.html]
[www.emanuelepapale.com/wp-content/uploads/2017/12/artworks-row-img-5.jpg]
[www.emanuelepapale.com/projects/random-artworks-1/index.html]
[www.emanuelepapale.com/projects/random-artworks-1/artworks-row-img-9/index.html]
[www.emanuelepapale.com/projects/random-artworks-1/artworks-row-img-12/index.html]
[www.emanuelepapale.com/projects/random-artworks-1/artworks-row-img-7/index.html]
[www.emanuelepapale.com/projects/random-artworks-1/artworks-row-img-5/index.html]
[www.emanuelepapale.com/projects/random-artworks-1/artworks-row-img-6/index.html]
[assets.pinterest.com/js/pinmarklet2a3b.js]
[www.emanuelepapale.com/wp-content/cache/minify/5e084.js]
[apis.google.com/js/plusone.js]
[assets.pinterest.com/js/pinit.js]
[www.emanuelepapale.com/wp-content/cache/minify/bab44.js]
[www.emanuelepapale.com/wp-content/themes/dt-the7-child/fonts/Againts.html]
[www.emanuelepapale.com/wp-content/themes/dt-the7-child/fonts/Againts-2.html]
[www.emanuelepapale.com/wp-content/themes/dt-the7/css/fonts/icomoon-arrows-the7-32x32718c.html]
[www.emanuelepapale.com/wp-content/themes/dt-the7/css/fonts/icomoon-arrows-the7-32x32718c-2.html]
[www.emanuelepapale.com/wp-content/themes/dt-the7/css/fonts/icomoon-arrows-the7-32x32718c-3.html]
[www.emanuelepapale.com/wp-content/themes/dt-the7/css/fonts/icomoon-arrows-the7-32x32718c-4.html]
[www.emanuelepapale.com/wp-content/themes/dt-the7/fonts/icomoon-the7-social-icons-16x16da0c.html]
[www.emanuelepapale.com/wp-content/themes/dt-the7/fonts/icomoon-the7-social/fonts/icomoon-the7-social-icons-16x16da0c.svg]
[www.emanuelepapale.com/wp-content/themes/dt-the7/fonts/FontAwesome/fonts/fontawesome-webfont3e6e.svg]
[www.emanuelepapale.com/wp-content/themes/dt-the7/fonts/fontello/font/fontello6fbf.svg]
[www.emanuelepapale.com/wp-content/themes/dt-the7/fonts/icomoon-arrows-the7/fonts/icomoon-arrows-carousel-32x323159.svg]
[www.emanuelepapale.com/wp-content/themes/dt-the7/inc/presets/images/full/skin22.stripes-stripe-3-bg-image.html]
[www.emanuelepapale.com/wp-content/themes/dt-the7-child/index.html]
[www.emanuelepapale.com/wp-content/uploads/smile_fonts/Defaults/Defaults21ea.svg]
[www.emanuelepapale.com/wp-content/plugins/Ultimate_VC_Addons/assets/min-css/fonts/ult-silk.svg]
[www.emanuelepapale.com/wp-content/plugins/Ultimate_VC_Addons/assets/min-css/fonts/slick.svg]
[www.emanuelepapale.com/vimeo.com/index.html]
[www.emanuelepapale.com/wp-content/cache/minify/6ffa8.css]
[www.emanuelepapale.com/wp-content/cache/minify/85615.js]
[www.emanuelepapale.com/index40a0.html]
[www.emanuelepapale.com/wp-content/cache/minify/12cda.css]
[www.emanuelepapale.com/who-am-i/my-fucking-picture/feed/index.html]
[www.emanuelepapale.com/wp-json/oembed/1.0/embedca6e.json]
[www.emanuelepapale.com/wp-json/oembed/1.0/embedec0c]
[www.emanuelepapale.com/wp-content/cache/minify/3e4ac.js]
[www.emanuelepapale.com/who-am-i/my-fucking-picture/index.html]
[www.emanuelepapale.com/wp-content/cache/minify/819b0.js]
[www.emanuelepapale.com/index3965.html]
[www.emanuelepapale.com/wp-json/oembed/1.0/embed0dc6.json]
[www.emanuelepapale.com/wp-json/oembed/1.0/embeda962]
[www.emanuelepapale.com/wp-content/uploads/2017/12/bolgheri-img-1.png]
[www.emanuelepapale.com/wp-content/uploads/2017/12/bolgheri-img-2.png]
[www.emanuelepapale.com/bolgheri-img-1/index.html]
[www.emanuelepapale.com/wp-content/uploads/2017/12/bolgheri-img-9.png]
[www.emanuelepapale.com/bolgheri-img-2/index.html]
[www.emanuelepapale.com/projects/bolgheri-eyeswear/index.html]
[www.emanuelepapale.com/bolgheri-img-3/index.html]
[www.emanuelepapale.com/bolgheri-img-4/index.html]
[www.emanuelepapale.com/wp-json/oembed/1.0/embed7178.json]
[www.emanuelepapale.com/projects/bolgheri-eyeswear/bolgheri-img-5/index.html]
[www.emanuelepapale.com/wp-json/oembed/1.0/embed8f2f]
[www.emanuelepapale.com/projects/bolgheri-eyeswear/bolgheri-img-6/index.html]
[www.emanuelepapale.com/wp-content/uploads/2017/12/elianto-row-img-1.png]
[www.emanuelepapale.com/projects/bolgheri-eyeswear/bolgheri-img-7/index.html]
[www.emanuelepapale.com/projects/bolgheri-eyeswear/bolgheri-img-8/index.html]
[www.emanuelepapale.com/wp-content/uploads/2017/12/elianto-row-img-2.gif]
[www.emanuelepapale.com/projects/elianto-free-font/index.html]
[www.emanuelepapale.com/bolgheri-img-9/index.html]
[www.emanuelepapale.com/wp-content/themes/dt-the7-child/fonts/Againts.eot]
[www.emanuelepapale.com/elianto-row-img-1/index.html]
[www.emanuelepapale.com/projects/elianto-free-font/elianto-row-img-2/index.html]
[www.emanuelepapale.com/wp-json/oembed/1.0/embede520.json]
[www.emanuelepapale.com/elianto-row-img-3/index.html]
[www.emanuelepapale.com/elianto-row-img-4/index.html]
[www.emanuelepapale.com/wp-json/oembed/1.0/embed893d]
[www.emanuelepapale.com/elianto-row-img-5/index.html]
[www.emanuelepapale.com/elianto-row-img-6/index.html]
[www.emanuelepapale.com/elianto-row-img-7/index.html]
[www.emanuelepapale.com/wp-content/uploads/2017/12/limo-services-row-img-1.png]
[www.emanuelepapale.com/wp-content/uploads/2017/12/limo-services-row-img-2.jpg]
[www.emanuelepapale.com/wp-content/uploads/2017/12/limo-services-row-img-3.jpg]
[www.emanuelepapale.com/projects/limo-services-italy/limo-services-row-img-1/index.html]
[www.emanuelepapale.com/wp-content/uploads/2017/12/limo-services-row-img-4.jpg]
[www.emanuelepapale.com/limo-services-row-img-2/index.html]
[www.emanuelepapale.com/wp-content/uploads/2017/12/limo-services-row-img-5.jpg]
[www.emanuelepapale.com/limo-services-row-img-3/index.html]
[www.emanuelepapale.com/wp-content/uploads/2017/12/limo-services-row-img-6.jpg]
[www.emanuelepapale.com/limo-services-row-img-4/index.html]
[www.emanuelepapale.com/wp-content/uploads/2017/12/limo-services-row-img-7.jpg]
[www.emanuelepapale.com/limo-services-row-img-6/index.html]
[www.emanuelepapale.com/projects/limo-services-italy/index.html]
[www.emanuelepapale.com/limo-services-row-img-5/index.html]
[www.emanuelepapale.com/wp-json/oembed/1.0/embed7684.json]
[www.emanuelepapale.com/limo-services-row-img-7/index.html]
[www.emanuelepapale.com/wp-json/oembed/1.0/embeda9fc]
[www.emanuelepapale.com/wp-content/uploads/2017/12/fotolia-contest-season-3.jpg]
[www.emanuelepapale.com/projects/fotolia-10-contest/index.html]
[www.emanuelepapale.com/projects/fotolia-10-contest/fotolia-contest-season-1/index.html]
[www.emanuelepapale.com/projects/fotolia-10-contest/fotolia-contest-season-3/index.html]
[www.emanuelepapale.com/projects/fotolia-10-contest/fotolia-contest-season-2/index.html]
[www.emanuelepapale.com/wp-json/oembed/1.0/embedcd64.json]
[www.emanuelepapale.com/wp-json/oembed/1.0/embedf332]
[www.emanuelepapale.com/wp-content/uploads/2017/12/isd-row-img-1-alt.png]
[www.emanuelepapale.com/wp-content/uploads/2017/12/isd-row-img-2.jpg]
[www.emanuelepapale.com/wp-content/uploads/2017/12/isd-row-img-3.png]
[www.emanuelepapale.com/projects/italy-shore-drivers/isd-row-img-1-alt/index.html]
[www.emanuelepapale.com/isd-row-img-2/index.html]
[www.emanuelepapale.com/wp-content/uploads/2017/12/isd-row-img-4.jpg]
[www.emanuelepapale.com/projects/italy-shore-drivers/index.html]
[www.emanuelepapale.com/isd-row-img-3/index.html]
[www.emanuelepapale.com/index970c.html]
[www.emanuelepapale.com/cdn-cgi/l/email-protection.html]
[www.emanuelepapale.com/index4978.html]
[www.emanuelepapale.com/isd-row-img-4/index.html]
[www.emanuelepapale.com/projects/spotzer-website-redesign/spotzer-portfolio-logo/feed/index.html]
[www.emanuelepapale.com/wp-json/oembed/1.0/embed2689.json]
[www.emanuelepapale.com/projects/spotzer-website-redesign/spotzer-portfolio-logo/index.html]
[www.emanuelepapale.com/wp-json/oembed/1.0/embed7913]
[www.emanuelepapale.com/wp-json/oembed/1.0/embed43ab.json]
[www.emanuelepapale.com/projects/spotzer-website-redesign/spotzer-portfolio-img-1/feed/index.html]
[www.emanuelepapale.com/projects/spotzer-website-redesign/spotzer-portfolio-img-1/index.html]
[www.emanuelepapale.com/wp-json/oembed/1.0/embed9de0]
[www.emanuelepapale.com/wp-json/oembed/1.0/embede6da.json]
[www.emanuelepapale.com/projects/spotzer-website-redesign/spotzer-portfolio-img-2/feed/index.html]
[www.emanuelepapale.com/wp-json/oembed/1.0/embede378]
[www.emanuelepapale.com/projects/spotzer-website-redesign/spotzer-portfolio-img-2/index.html]
[www.emanuelepapale.com/wp-json/oembed/1.0/embed6c55.json]
[www.emanuelepapale.com/projects/spotzer-website-redesign/spotzer-portfolio-img-3/feed/index.html]
[www.emanuelepapale.com/wp-json/oembed/1.0/embed3799]
[www.emanuelepapale.com/projects/spotzer-website-redesign/spotzer-portfolio-img-3/index.html]
[www.emanuelepapale.com/wp-json/oembed/1.0/embeddd05.json]
[www.emanuelepapale.com/projects/spotzer-website-redesign/spotzer-portfolio-img-4/feed/index.html]
[www.emanuelepapale.com/wp-json/oembed/1.0/embedf040]
[www.emanuelepapale.com/wp-content/uploads/2017/12/spotzer-portfolio-img-4.jpg]
[www.emanuelepapale.com/projects/spotzer-website-redesign/spotzer-portfolio-img-4/index.html]
[www.emanuelepapale.com/wp-json/oembed/1.0/embed918b.json]
[www.emanuelepapale.com/projects/spotzer-website-redesign/spotzer-portfolio-img-5/feed/index.html]
[www.emanuelepapale.com/wp-json/oembed/1.0/embeda409]
[www.emanuelepapale.com/wp-content/uploads/2017/12/spotzer-portfolio-img-5.png]
[www.emanuelepapale.com/projects/spotzer-website-redesign/spotzer-portfolio-img-5/index.html]
[www.emanuelepapale.com/index3786.html]
[www.emanuelepapale.com/wp-json/oembed/1.0/embed5794.json]
[www.emanuelepapale.com/feed/index5db4.html]
[www.emanuelepapale.com/kill-your-idols-logo/index.html]
[www.emanuelepapale.com/wp-json/oembed/1.0/embed9a94]
[www.emanuelepapale.com/feed/indexbf72.html]
[www.emanuelepapale.com/wp-json/oembed/1.0/embeda592.json]
[www.emanuelepapale.com/kill-yuor-idols-img-1/index.html]
[www.emanuelepapale.com/wp-json/oembed/1.0/embed2e6e]
[www.emanuelepapale.com/wp-json/oembed/1.0/embedef33.json]
[www.emanuelepapale.com/projects/kill-your-idols-use-your-brain/kill-yuor-idols-img-2/feed/index.html]
[www.emanuelepapale.com/wp-json/oembed/1.0/embedf310]
[www.emanuelepapale.com/wp-content/uploads/2017/12/kill-yuor-idols-img-2.jpg]
[www.emanuelepapale.com/projects/kill-your-idols-use-your-brain/kill-yuor-idols-img-2/index.html]
[www.emanuelepapale.com/wp-json/oembed/1.0/embed7f88.json]
[www.emanuelepapale.com/projects/kill-your-idols-use-your-brain/kill-yuor-idols-img-3/feed/index.html]
[www.emanuelepapale.com/wp-json/oembed/1.0/embed043d]
[www.emanuelepapale.com/wp-content/uploads/2017/12/kill-yuor-idols-img-3.jpg]
[www.emanuelepapale.com/projects/kill-your-idols-use-your-brain/kill-yuor-idols-img-3/index.html]
[www.emanuelepapale.com/feed/index315b.html]
[www.emanuelepapale.com/wp-json/oembed/1.0/embedf386.json]
[www.emanuelepapale.com/wp-json/oembed/1.0/embed6682]
[www.emanuelepapale.com/wp-content/uploads/2017/12/kill-yuor-idols-img-4.jpg]
[www.emanuelepapale.com/kill-yuor-idols-img-4/index.html]
[www.emanuelepapale.com/feed/index71bb.html]
[www.emanuelepapale.com/wp-json/oembed/1.0/embed375d.json]
[www.emanuelepapale.com/wp-json/oembed/1.0/embedd7f1]
[www.emanuelepapale.com/wp-content/uploads/2017/12/kill-yuor-idols-img-5.jpg]
[www.emanuelepapale.com/kill-yuor-idols-img-5/index.html]
[www.emanuelepapale.com/wp-json/oembed/1.0/embed0f07.json]
[www.emanuelepapale.com/projects/kill-your-idols-use-your-brain/kill-yuor-idols-img-6/feed/index.html]
[www.emanuelepapale.com/wp-json/oembed/1.0/embeddc88]
[www.emanuelepapale.com/wp-content/uploads/2017/12/kill-yuor-idols-img-6.jpg]
[www.emanuelepapale.com/projects/kill-your-idols-use-your-brain/kill-yuor-idols-img-6/index.html]
[www.emanuelepapale.com/index7b2c.html]
[www.emanuelepapale.com/wp-json/oembed/1.0/embed7a00.json]
[www.emanuelepapale.com/feed/index3ef4.html]
[www.emanuelepapale.com/wp-json/oembed/1.0/embed11a1]
[www.emanuelepapale.com/wp-content/uploads/2017/12/logofolio-img-1.jpg]
[www.emanuelepapale.com/logofolio-img-1/index.html]
[www.emanuelepapale.com/feed/indexcf5e.html]
[www.emanuelepapale.com/wp-json/oembed/1.0/embedadff.json]
[www.emanuelepapale.com/wp-json/oembed/1.0/embedc28a]
[www.emanuelepapale.com/wp-content/uploads/2017/12/logofolio-img-2.jpg]
[www.emanuelepapale.com/logofolio-img-2/index.html]
[www.emanuelepapale.com/feed/indexf240.html]
[www.emanuelepapale.com/wp-json/oembed/1.0/embedb7ae.json]
[www.emanuelepapale.com/wp-json/oembed/1.0/embedcdfa]
[www.emanuelepapale.com/wp-content/uploads/2017/12/logofolio-img-3.jpg]
[www.emanuelepapale.com/logofolio-img-3/index.html]
[www.emanuelepapale.com/wp-json/oembed/1.0/embede38a.json]
[www.emanuelepapale.com/feed/index75e1.html]
[www.emanuelepapale.com/wp-json/oembed/1.0/embededdf]
[www.emanuelepapale.com/wp-content/uploads/2017/12/logofolio-img-4.jpg]
[www.emanuelepapale.com/logofolio-img-4/index.html]
[www.emanuelepapale.com/wp-json/oembed/1.0/embed7f9e.json]
[www.emanuelepapale.com/feed/index365a.html]
[www.emanuelepapale.com/wp-json/oembed/1.0/embed00d8]
[www.emanuelepapale.com/wp-content/uploads/2017/12/logofolio-img-5.jpg]
[www.emanuelepapale.com/logofolio-img-5/index.html]
[www.emanuelepapale.com/wp-json/oembed/1.0/embedbf08.json]
[www.emanuelepapale.com/feed/indexf2ff.html]
[www.emanuelepapale.com/wp-json/oembed/1.0/embed3a39]
[www.emanuelepapale.com/wp-content/uploads/2017/12/logofolio-img-6.jpg]
[www.emanuelepapale.com/logofolio-img-6/index.html]
[www.emanuelepapale.com/wp-json/oembed/1.0/embede9a5.json]
[www.emanuelepapale.com/feed/index7ae0.html]
[www.emanuelepapale.com/wp-json/oembed/1.0/embedfc56]
[www.emanuelepapale.com/wp-content/uploads/2017/12/logofolio-img-7.jpg]
[www.emanuelepapale.com/logofolio-img-7/index.html]
[www.emanuelepapale.com/wp-json/oembed/1.0/embedd463.json]
[www.emanuelepapale.com/feed/index669d.html]
[www.emanuelepapale.com/wp-json/oembed/1.0/embedf3a1]
[www.emanuelepapale.com/wp-content/uploads/2017/12/logofolio-img-8.jpg]
[www.emanuelepapale.com/logofolio-img-8/index.html]
[www.emanuelepapale.com/wp-json/oembed/1.0/embed441d.json]
[www.emanuelepapale.com/feed/indexeb7f.html]
[www.emanuelepapale.com/wp-json/oembed/1.0/embedadb5]
[www.emanuelepapale.com/wp-content/uploads/2017/12/logofolio-img-9.jpg]
[www.emanuelepapale.com/logofolio-img-9/index.html]
[www.emanuelepapale.com/wp-json/oembed/1.0/embed1ab9.json]
[www.emanuelepapale.com/feed/index3719.html]
[www.emanuelepapale.com/wp-json/oembed/1.0/embedc4e5]
[www.emanuelepapale.com/wp-content/uploads/2017/12/logofolio-img-10.jpg]
[www.emanuelepapale.com/logofolio-img-10/index.html]
[www.emanuelepapale.com/wp-json/oembed/1.0/embeda7c9.json]
[www.emanuelepapale.com/feed/index5749.html]
[www.emanuelepapale.com/wp-json/oembed/1.0/embedefa4]
[www.emanuelepapale.com/wp-content/uploads/2017/12/logofolio-img-11.jpg]
[www.emanuelepapale.com/logofolio-img-11/index.html]
[www.emanuelepapale.com/wp-json/oembed/1.0/embedd0fa.json]
[www.emanuelepapale.com/feed/index0407.html]
[www.emanuelepapale.com/wp-json/oembed/1.0/embed2ad7]
[www.emanuelepapale.com/wp-content/uploads/2017/12/logofolio-img-12.jpg]
[www.emanuelepapale.com/logofolio-img-12/index.html]
[www.emanuelepapale.com/feed/indexb4c7.html]
[www.emanuelepapale.com/wp-json/oembed/1.0/embeda6c6.json]
[www.emanuelepapale.com/wp-json/oembed/1.0/embed908b]
[www.emanuelepapale.com/wp-content/uploads/2017/12/logofolio-img-13.jpg]
[www.emanuelepapale.com/logofolio-img-13/index.html]
[www.emanuelepapale.com/index264a.html]
[www.emanuelepapale.com/wp-json/oembed/1.0/embed10a5.json]
[www.emanuelepapale.com/projects/random-artworks-1/artworks-row-img-11/feed/index.html]
[www.emanuelepapale.com/wp-json/oembed/1.0/embedf053]
[www.emanuelepapale.com/projects/random-artworks-1/artworks-row-img-11/index.html]
[www.emanuelepapale.com/wp-json/oembed/1.0/embed1f64.json]
[www.emanuelepapale.com/projects/random-artworks-1/artworks-row-img-3/feed/index.html]
[www.emanuelepapale.com/wp-json/oembed/1.0/embedb670]
[www.emanuelepapale.com/projects/random-artworks-1/artworks-row-img-3/index.html]
[www.emanuelepapale.com/wp-json/oembed/1.0/embedeeaf.json]
[www.emanuelepapale.com/projects/random-artworks-1/artworks-row-img-2/feed/index.html]
[www.emanuelepapale.com/wp-json/oembed/1.0/embed19a3]
[www.emanuelepapale.com/projects/random-artworks-1/artworks-row-img-2/index.html]
[www.emanuelepapale.com/projects/random-artworks-1/artworks-row-img-1/feed/index.html]
[www.emanuelepapale.com/wp-json/oembed/1.0/embed5f1a.json]
[www.emanuelepapale.com/wp-json/oembed/1.0/embed890e]
[www.emanuelepapale.com/projects/random-artworks-1/artworks-row-img-1/index.html]
[www.emanuelepapale.com/projects/random-artworks-1/artworks-row-img-4/feed/index.html]
[www.emanuelepapale.com/wp-json/oembed/1.0/embed1ff8.json]
[www.emanuelepapale.com/wp-json/oembed/1.0/embed6a52]
[www.emanuelepapale.com/projects/random-artworks-1/artworks-row-img-4/index.html]
[www.emanuelepapale.com/wp-json/oembed/1.0/embedc1d9.json]
[www.emanuelepapale.com/projects/random-artworks-1/artworks-row-img-10/feed/index.html]
[www.emanuelepapale.com/wp-json/oembed/1.0/embed5be9]
[www.emanuelepapale.com/projects/random-artworks-1/artworks-row-img-10/index.html]
[www.emanuelepapale.com/wp-json/oembed/1.0/embed47c3.json]
[www.emanuelepapale.com/projects/random-artworks-1/artworks-row-img-8/feed/index.html]
[www.emanuelepapale.com/wp-json/oembed/1.0/embedc2ba]
[www.emanuelepapale.com/projects/random-artworks-1/artworks-row-img-8/index.html]
[www.emanuelepapale.com/wp-json/oembed/1.0/embed88e6.json]
[www.emanuelepapale.com/projects/random-artworks-1/artworks-row-img-14/feed/index.html]
[www.emanuelepapale.com/wp-json/oembed/1.0/embed6e87]
[www.emanuelepapale.com/projects/random-artworks-1/artworks-row-img-14/index.html]
[www.emanuelepapale.com/wp-json/oembed/1.0/embedaaef.json]
[www.emanuelepapale.com/projects/random-artworks-1/artworks-row-img-12/feed/index.html]
[www.emanuelepapale.com/wp-json/oembed/1.0/embed1cf8]
[www.emanuelepapale.com/projects/random-artworks-1/artworks-row-img-12/index.html]
[www.emanuelepapale.com/wp-json/oembed/1.0/embed2886.json]
[www.emanuelepapale.com/projects/random-artworks-1/artworks-row-img-9/feed/index.html]
[www.emanuelepapale.com/wp-json/oembed/1.0/embed80d2]
[www.emanuelepapale.com/projects/random-artworks-1/artworks-row-img-9/index.html]
[www.emanuelepapale.com/wp-json/oembed/1.0/embedc2f0.json]
[www.emanuelepapale.com/projects/random-artworks-1/artworks-row-img-7/feed/index.html]
[www.emanuelepapale.com/wp-json/oembed/1.0/embed8a6c]
[www.emanuelepapale.com/projects/random-artworks-1/artworks-row-img-7/index.html]
[www.emanuelepapale.com/wp-json/oembed/1.0/embeda8b9.json]
[www.emanuelepapale.com/projects/random-artworks-1/artworks-row-img-6/feed/index.html]
[www.emanuelepapale.com/wp-json/oembed/1.0/embedb678]
[www.emanuelepapale.com/projects/random-artworks-1/artworks-row-img-6/index.html]
[www.emanuelepapale.com/wp-json/oembed/1.0/embededab.json]
[www.emanuelepapale.com/projects/random-artworks-1/artworks-row-img-5/feed/index.html]
[www.emanuelepapale.com/wp-json/oembed/1.0/embed8fba]
[www.emanuelepapale.com/projects/random-artworks-1/artworks-row-img-5/index.html]
[www.emanuelepapale.com/wp-content/cache/minify/12cda.css]
[www.emanuelepapale.com/index4580.html]
[www.emanuelepapale.com/wp-content/cache/minify/3e4ac.js]
[www.emanuelepapale.com/index8c55.html]
[www.emanuelepapale.com/feed/index5189.html]
[www.emanuelepapale.com/wp-json/oembed/1.0/embed7036.json]
[www.emanuelepapale.com/wp-json/oembed/1.0/embedf43a]
[www.emanuelepapale.com/bolgheri-img-1/index.html]
[www.emanuelepapale.com/wp-json/oembed/1.0/embed33b8.json]
[www.emanuelepapale.com/feed/index3130.html]
[www.emanuelepapale.com/wp-json/oembed/1.0/embed66ee]
[www.emanuelepapale.com/bolgheri-img-2/index.html]
[www.emanuelepapale.com/wp-json/oembed/1.0/embed8d5b.json]
[www.emanuelepapale.com/feed/indexec1d.html]
[www.emanuelepapale.com/wp-json/oembed/1.0/embed48bc]
[www.emanuelepapale.com/wp-content/uploads/2017/12/bolgheri-img-3.jpg]
[www.emanuelepapale.com/bolgheri-img-3/index.html]
[www.emanuelepapale.com/feed/indexd5c8.html]
[www.emanuelepapale.com/wp-json/oembed/1.0/embed484c.json]
[www.emanuelepapale.com/bolgheri-img-4/index.html]
[www.emanuelepapale.com/wp-json/oembed/1.0/embede63e]
[www.emanuelepapale.com/projects/bolgheri-eyeswear/bolgheri-img-5/feed/index.html]
[www.emanuelepapale.com/wp-json/oembed/1.0/embed7075.json]
[www.emanuelepapale.com/wp-json/oembed/1.0/embed2742]
[www.emanuelepapale.com/wp-content/uploads/2017/12/bolgheri-img-5.png]
[www.emanuelepapale.com/projects/bolgheri-eyeswear/bolgheri-img-5/index.html]
[www.emanuelepapale.com/wp-json/oembed/1.0/embed507c.json]
[www.emanuelepapale.com/projects/bolgheri-eyeswear/bolgheri-img-6/feed/index.html]
[www.emanuelepapale.com/wp-json/oembed/1.0/embedaf5e]
[www.emanuelepapale.com/wp-content/uploads/2017/12/bolgheri-img-6.png]
[www.emanuelepapale.com/projects/bolgheri-eyeswear/bolgheri-img-6/index.html]
[www.emanuelepapale.com/projects/bolgheri-eyeswear/bolgheri-img-7/feed/index.html]
[www.emanuelepapale.com/wp-json/oembed/1.0/embedd08b.json]
[www.emanuelepapale.com/wp-json/oembed/1.0/embed3772]
[www.emanuelepapale.com/wp-content/uploads/2017/12/bolgheri-img-7.png]
[www.emanuelepapale.com/projects/bolgheri-eyeswear/bolgheri-img-7/index.html]
[www.emanuelepapale.com/wp-json/oembed/1.0/embed5569.json]
[www.emanuelepapale.com/projects/bolgheri-eyeswear/bolgheri-img-8/feed/index.html]
[www.emanuelepapale.com/wp-json/oembed/1.0/embed314a]
[www.emanuelepapale.com/wp-content/uploads/2017/12/bolgheri-img-8.png]
[www.emanuelepapale.com/projects/bolgheri-eyeswear/bolgheri-img-8/index.html]
[www.emanuelepapale.com/wp-json/oembed/1.0/embedce6c.json]
[www.emanuelepapale.com/feed/indexd21a.html]
[www.emanuelepapale.com/bolgheri-img-9/index.html]
[www.emanuelepapale.com/index371d.html]
[www.emanuelepapale.com/wp-json/oembed/1.0/embed33fb]
[www.emanuelepapale.com/wp-json/oembed/1.0/embed7602.json]
[www.emanuelepapale.com/feed/indexd2eb.html]
[www.emanuelepapale.com/wp-json/oembed/1.0/embed9924]
[www.emanuelepapale.com/elianto-row-img-1/index.html]
[www.emanuelepapale.com/wp-json/oembed/1.0/embed314b.json]
[www.emanuelepapale.com/projects/elianto-free-font/elianto-row-img-2/feed/index.html]
[www.emanuelepapale.com/wp-json/oembed/1.0/embed24db]
[www.emanuelepapale.com/projects/elianto-free-font/elianto-row-img-2/index.html]
[www.emanuelepapale.com/wp-json/oembed/1.0/embed3072.json]
[www.emanuelepapale.com/feed/index86a0.html]
[www.emanuelepapale.com/wp-json/oembed/1.0/embedd304]
[www.emanuelepapale.com/wp-content/uploads/2017/12/elianto-row-img-3.jpg]
[www.emanuelepapale.com/elianto-row-img-3/index.html]
[www.emanuelepapale.com/wp-json/oembed/1.0/embedd2ef.json]
[www.emanuelepapale.com/feed/indexced0.html]
[www.emanuelepapale.com/wp-json/oembed/1.0/embed0068]
[www.emanuelepapale.com/wp-content/uploads/2017/12/elianto-row-img-4.jpg]
[www.emanuelepapale.com/elianto-row-img-4/index.html]
[www.emanuelepapale.com/feed/indexcd6a.html]
[www.emanuelepapale.com/wp-json/oembed/1.0/embed3ec3.json]
[www.emanuelepapale.com/wp-json/oembed/1.0/embed837b]
[www.emanuelepapale.com/wp-content/uploads/2017/12/elianto-row-img-5.jpg]
[www.emanuelepapale.com/elianto-row-img-5/index.html]
[www.emanuelepapale.com/feed/indexe931.html]
[www.emanuelepapale.com/wp-json/oembed/1.0/embed359e.json]
[www.emanuelepapale.com/wp-json/oembed/1.0/embed425e]
[www.emanuelepapale.com/wp-content/uploads/2017/12/elianto-row-img-6.jpg]
[www.emanuelepapale.com/elianto-row-img-6/index.html]
[www.emanuelepapale.com/wp-json/oembed/1.0/embed924e.json]
[www.emanuelepapale.com/feed/index46de.html]
[www.emanuelepapale.com/wp-json/oembed/1.0/embed95c6]
[www.emanuelepapale.com/wp-content/uploads/2017/12/elianto-row-img-7.jpg]
[www.emanuelepapale.com/elianto-row-img-7/index.html]
[www.emanuelepapale.com/indexe4db.html]
[www.emanuelepapale.com/wp-json/oembed/1.0/embedc23c.json]
[www.emanuelepapale.com/projects/limo-services-italy/limo-services-row-img-1/feed/index.html]
[www.emanuelepapale.com/wp-json/oembed/1.0/embed2d42]
[www.emanuelepapale.com/projects/limo-services-italy/limo-services-row-img-1/index.html]
[www.emanuelepapale.com/wp-json/oembed/1.0/embed4d2f.json]
[www.emanuelepapale.com/feed/index8ef4.html]
[www.emanuelepapale.com/wp-json/oembed/1.0/embed07c6]
[www.emanuelepapale.com/limo-services-row-img-2/index.html]
[www.emanuelepapale.com/wp-json/oembed/1.0/embede684.json]
[www.emanuelepapale.com/feed/index204b.html]
[www.emanuelepapale.com/wp-json/oembed/1.0/embed7ba1]
[www.emanuelepapale.com/limo-services-row-img-3/index.html]
[www.emanuelepapale.com/wp-json/oembed/1.0/embed1fe7.json]
[www.emanuelepapale.com/feed/indexaee3.html]
[www.emanuelepapale.com/wp-json/oembed/1.0/embed01a6]
[www.emanuelepapale.com/limo-services-row-img-4/index.html]
[www.emanuelepapale.com/wp-json/oembed/1.0/embed692b.json]
[www.emanuelepapale.com/feed/indexadce.html]
[www.emanuelepapale.com/wp-json/oembed/1.0/embedd80a]
[www.emanuelepapale.com/limo-services-row-img-5/index.html]
[www.emanuelepapale.com/wp-json/oembed/1.0/embed4642.json]
[www.emanuelepapale.com/feed/index3c98.html]
[www.emanuelepapale.com/wp-json/oembed/1.0/embeda70b]
[www.emanuelepapale.com/limo-services-row-img-6/index.html]
[www.emanuelepapale.com/feed/indexd6ba.html]
[www.emanuelepapale.com/wp-json/oembed/1.0/embed46d1.json]
[www.emanuelepapale.com/wp-json/oembed/1.0/embedbf5a]
[www.emanuelepapale.com/limo-services-row-img-7/index.html]
[www.emanuelepapale.com/index8a7d.html]
[www.emanuelepapale.com/wp-json/oembed/1.0/embed9dd7.json]
[www.emanuelepapale.com/projects/fotolia-10-contest/fotolia-contest-season-3/feed/index.html]
[www.emanuelepapale.com/wp-json/oembed/1.0/embed0c4c]
[www.emanuelepapale.com/projects/fotolia-10-contest/fotolia-contest-season-3/index.html]
[www.emanuelepapale.com/wp-json/oembed/1.0/embed6a9a.json]
[www.emanuelepapale.com/projects/fotolia-10-contest/fotolia-contest-season-2/feed/index.html]
[www.emanuelepapale.com/wp-json/oembed/1.0/embedb74e]
[www.emanuelepapale.com/wp-content/uploads/2017/12/fotolia-contest-season-2.jpg]
[www.emanuelepapale.com/projects/fotolia-10-contest/fotolia-contest-season-2/index.html]
[www.emanuelepapale.com/wp-json/oembed/1.0/embedfa3e.json]
[www.emanuelepapale.com/projects/fotolia-10-contest/fotolia-contest-season-1/feed/index.html]
[www.emanuelepapale.com/wp-json/oembed/1.0/embed8c0a]
[www.emanuelepapale.com/wp-content/uploads/2017/12/fotolia-contest-season-1.jpg]
[www.emanuelepapale.com/projects/fotolia-10-contest/fotolia-contest-season-1/index.html]
[www.emanuelepapale.com/index50ca.html]
[www.emanuelepapale.com/projects/italy-shore-drivers/isd-row-img-1-alt/feed/index.html]
[www.emanuelepapale.com/wp-json/oembed/1.0/embed1f3d.json]
[www.emanuelepapale.com/projects/italy-shore-drivers/isd-row-img-1-alt/index.html]
[www.emanuelepapale.com/wp-json/oembed/1.0/embede998]
[www.emanuelepapale.com/feed/index7ab6.html]
[www.emanuelepapale.com/wp-json/oembed/1.0/embed1230.json]
[www.emanuelepapale.com/isd-row-img-2/index.html]
[www.emanuelepapale.com/wp-json/oembed/1.0/embedc995]
[www.emanuelepapale.com/wp-json/oembed/1.0/embed53c9.json]
[www.emanuelepapale.com/feed/index585c.html]
[www.emanuelepapale.com/wp-json/oembed/1.0/embedc4eb]
[www.emanuelepapale.com/isd-row-img-3/index.html]
[www.emanuelepapale.com/wp-json/oembed/1.0/embed8720.json]
[www.emanuelepapale.com/feed/indexcdbe.html]
[www.emanuelepapale.com/wp-json/oembed/1.0/embed9b36]
[www.emanuelepapale.com/isd-row-img-4/index.html]
[www.emanuelepapale.com/indexc807.html]
[www.emanuelepapale.com/indexb773.html]
[www.emanuelepapale.com/indexc544.html]
[www.emanuelepapale.com/index88a0.html]
[www.emanuelepapale.com/index8cf0.html]
[www.emanuelepapale.com/indexcf9a.html]
[www.emanuelepapale.com/index67bc.html]
[www.emanuelepapale.com/index5295.html]
[www.emanuelepapale.com/index73fa.html]
[www.emanuelepapale.com/indexa8da.html]
[www.emanuelepapale.com/index7dad.html]
[www.emanuelepapale.com/indexd251.html]
[www.emanuelepapale.com/index90dd.html]
[www.emanuelepapale.com/index5c97.html]
[www.emanuelepapale.com/index486a.html]
[www.emanuelepapale.com/index1d24.html]
[www.emanuelepapale.com/index8902.html]
[www.emanuelepapale.com/index5b31.html]
[www.emanuelepapale.com/index820e.html]
[www.emanuelepapale.com/index2af5.html]
[www.emanuelepapale.com/index89a1.html]
[www.emanuelepapale.com/indexe2aa.html]
[www.emanuelepapale.com/index1422.html]
[www.emanuelepapale.com/index3e8e.html]
[www.emanuelepapale.com/index07ee.html]
[www.emanuelepapale.com/indexba86.html]
[www.emanuelepapale.com/index2325.html]
[www.emanuelepapale.com/index1f38.html]
[www.emanuelepapale.com/index0dc6.html]
[www.emanuelepapale.com/index60bd.html]
[www.emanuelepapale.com/index802e.html]
[www.emanuelepapale.com/index42a9.html]
[www.emanuelepapale.com/index2023.html]
[www.emanuelepapale.com/indexead8.html]
[www.emanuelepapale.com/indexc351.html]
[www.emanuelepapale.com/index1caa.html]
[www.emanuelepapale.com/indexf1ac.html]
[www.emanuelepapale.com/index6905.html]
[www.emanuelepapale.com/index3f97.html]
[www.emanuelepapale.com/index7d3e.html]
[www.emanuelepapale.com/index258b.html]
[www.emanuelepapale.com/index4ef8.html]
[www.emanuelepapale.com/indexcb8c.html]
[www.emanuelepapale.com/indexf175.html]
[www.emanuelepapale.com/index4bd3.html]
[www.emanuelepapale.com/index5355.html]
[www.emanuelepapale.com/indexc518.html]
[www.emanuelepapale.com/index3cee.html]
[www.emanuelepapale.com/indexf604.html]
[www.emanuelepapale.com/index3e1b.html]
[www.emanuelepapale.com/index5294.html]
[www.emanuelepapale.com/index71fc.html]
[www.emanuelepapale.com/indexf6a9.html]
[www.emanuelepapale.com/indexbcd6.html]
[www.emanuelepapale.com/indexb247.html]
[www.emanuelepapale.com/index9f0a.html]
[www.emanuelepapale.com/index57e7.html]
[www.emanuelepapale.com/indexec1b.html]
[www.emanuelepapale.com/indexf5a4.html]
[www.emanuelepapale.com/indexcaf0.html]
[www.emanuelepapale.com/index4c85.html]
[www.emanuelepapale.com/index76f0.html]
[www.emanuelepapale.com/indexf167.html]
[www.emanuelepapale.com/index90b2.html]
[www.emanuelepapale.com/indexdd01.html]
[www.emanuelepapale.com/index24eb.html]
[www.emanuelepapale.com/index2206.html]
[www.emanuelepapale.com/index601c.html]
[www.emanuelepapale.com/index8fbb.html]
